// Jest Snapshot v1, https://goo.gl/fbAQLP

exports[`contentRenderer should use \`renderToString()\` to render server-side content 1`] = `
"
        <!DOCTYPE html>
        <html lang=\\"en\\">
        <head>
            <meta name=\\"viewport\\" content=\\"width=device-width, initial-scale=1.0\\">
            <title>Grocery Search</title>
            <link rel=\\"stylesheet\\" type=\\"text/css\\" href=\\"/main.css\\">
        </head>
        <body>
            <div id=\\"react-root\\">undefined</div>
        </body>
        <script>
          window.INITIAL_STATE=undefined
        </script>
        <script src=\\"/bundle.js\\"></script>
        </html>
    "
`;
